// Jest Snapshot v1, https://goo.gl/fbAQLP

exports[`renders seats data passed to prop 1`] = `
<div>
  <div
    className="legend"
  >
    <span
      className="available"
    >
      Seat Available
    </span>
    <span
      className="taken"
    >
      Seat Taken
    </span>
  </div>
  <ul
    className="SeatSelector"
  >
    <li>
      <div
        available="true"
        className="Seat"
        onClick={[Function]}
      >
        <img
          alt="Seat Icon"
          src="Seat.svg"
        />
        <div
          className="tooltip"
        >
          1A
           : 
          Available
        </div>
      </div>
    </li>
    <li>
      <div
        available="false"
        className="Seat"
        onClick={[Function]}
      >
        <img
          alt="Seat Icon"
          src="Seat.svg"
        />
        <div
          className="tooltip"
        >
          2A
           : 
           Taken
        </div>
      </div>
    </li>
    <li>
      <div
        available="false"
        className="Seat"
        onClick={[Function]}
      >
        <img
          alt="Seat Icon"
          src="Seat.svg"
        />
        <div
          className="tooltip"
        >
          3A
           : 
           Taken
        </div>
      </div>
    </li>
    <li>
      <div
        available="true"
        className="Seat"
        onClick={[Function]}
      >
        <img
          alt="Seat Icon"
          src="Seat.svg"
        />
        <div
          className="tooltip"
        >
          4A
           : 
          Available
        </div>
      </div>
    </li>
    <li>
      <div
        available="false"
        className="Seat"
        onClick={[Function]}
      >
        <img
          alt="Seat Icon"
          src="Seat.svg"
        />
        <div
          className="tooltip"
        >
          5A
           : 
           Taken
        </div>
      </div>
    </li>
    <li>
      <div
        available="true"
        className="Seat"
        onClick={[Function]}
      >
        <img
          alt="Seat Icon"
          src="Seat.svg"
        />
        <div
          className="tooltip"
        >
          1B
           : 
          Available
        </div>
      </div>
    </li>
    <li>
      <div
        available="false"
        className="Seat"
        onClick={[Function]}
      >
        <img
          alt="Seat Icon"
          src="Seat.svg"
        />
        <div
          className="tooltip"
        >
          2B
           : 
           Taken
        </div>
      </div>
    </li>
    <li>
      <div
        available="false"
        className="Seat"
        onClick={[Function]}
      >
        <img
          alt="Seat Icon"
          src="Seat.svg"
        />
        <div
          className="tooltip"
        >
          3B
           : 
           Taken
        </div>
      </div>
    </li>
    <li>
      <div
        available="false"
        className="Seat"
        onClick={[Function]}
      >
        <img
          alt="Seat Icon"
          src="Seat.svg"
        />
        <div
          className="tooltip"
        >
          4B
           : 
           Taken
        </div>
      </div>
    </li>
    <li>
      <div
        available="true"
        className="Seat"
        onClick={[Function]}
      >
        <img
          alt="Seat Icon"
          src="Seat.svg"
        />
        <div
          className="tooltip"
        >
          5B
           : 
          Available
        </div>
      </div>
    </li>
    <li>
      <div
        available="true"
        className="Seat"
        onClick={[Function]}
      >
        <img
          alt="Seat Icon"
          src="Seat.svg"
        />
        <div
          className="tooltip"
        >
          1C
           : 
          Available
        </div>
      </div>
    </li>
    <li>
      <div
        available="true"
        className="Seat"
        onClick={[Function]}
      >
        <img
          alt="Seat Icon"
          src="Seat.svg"
        />
        <div
          className="tooltip"
        >
          2C
           : 
          Available
        </div>
      </div>
    </li>
    <li>
      <div
        available="true"
        className="Seat"
        onClick={[Function]}
      >
        <img
          alt="Seat Icon"
          src="Seat.svg"
        />
        <div
          className="tooltip"
        >
          3C
           : 
          Available
        </div>
      </div>
    </li>
    <li>
      <div
        available="true"
        className="Seat"
        onClick={[Function]}
      >
        <img
          alt="Seat Icon"
          src="Seat.svg"
        />
        <div
          className="tooltip"
        >
          4C
           : 
          Available
        </div>
      </div>
    </li>
    <li>
      <div
        available="true"
        className="Seat"
        onClick={[Function]}
      >
        <img
          alt="Seat Icon"
          src="Seat.svg"
        />
        <div
          className="tooltip"
        >
          5C
           : 
          Available
        </div>
      </div>
    </li>
    <li>
      <div
        available="true"
        className="Seat"
        onClick={[Function]}
      >
        <img
          alt="Seat Icon"
          src="Seat.svg"
        />
        <div
          className="tooltip"
        >
          1D
           : 
          Available
        </div>
      </div>
    </li>
    <li>
      <div
        available="false"
        className="Seat"
        onClick={[Function]}
      >
        <img
          alt="Seat Icon"
          src="Seat.svg"
        />
        <div
          className="tooltip"
        >
          2D
           : 
           Taken
        </div>
      </div>
    </li>
    <li>
      <div
        available="true"
        className="Seat"
        onClick={[Function]}
      >
        <img
          alt="Seat Icon"
          src="Seat.svg"
        />
        <div
          className="tooltip"
        >
          3D
           : 
          Available
        </div>
      </div>
    </li>
    <li>
      <div
        available="true"
        className="Seat"
        onClick={[Function]}
      >
        <img
          alt="Seat Icon"
          src="Seat.svg"
        />
        <div
          className="tooltip"
        >
          4D
           : 
          Available
        </div>
      </div>
    </li>
    <li>
      <div
        available="true"
        className="Seat"
        onClick={[Function]}
      >
        <img
          alt="Seat Icon"
          src="Seat.svg"
        />
        <div
          className="tooltip"
        >
          5D
           : 
          Available
        </div>
      </div>
    </li>
    <li>
      <div
        available="true"
        className="Seat"
        onClick={[Function]}
      >
        <img
          alt="Seat Icon"
          src="Seat.svg"
        />
        <div
          className="tooltip"
        >
          1E
           : 
          Available
        </div>
      </div>
    </li>
    <li>
      <div
        available="true"
        className="Seat"
        onClick={[Function]}
      >
        <img
          alt="Seat Icon"
          src="Seat.svg"
        />
        <div
          className="tooltip"
        >
          2E
           : 
          Available
        </div>
      </div>
    </li>
    <li>
      <div
        available="false"
        className="Seat"
        onClick={[Function]}
      >
        <img
          alt="Seat Icon"
          src="Seat.svg"
        />
        <div
          className="tooltip"
        >
          3E
           : 
           Taken
        </div>
      </div>
    </li>
    <li>
      <div
        available="true"
        className="Seat"
        onClick={[Function]}
      >
        <img
          alt="Seat Icon"
          src="Seat.svg"
        />
        <div
          className="tooltip"
        >
          4E
           : 
          Available
        </div>
      </div>
    </li>
    <li>
      <div
        available="true"
        className="Seat"
        onClick={[Function]}
      >
        <img
          alt="Seat Icon"
          src="Seat.svg"
        />
        <div
          className="tooltip"
        >
          5E
           : 
          Available
        </div>
      </div>
    </li>
  </ul>
</div>
`;
